drop table int8_tbl;
drop table int4_tbl;
drop table tenk1;
drop table aggtest;
drop table bool_test;
drop table onek;
drop table a;
drop table b;
drop table c;
drop table child;
drop table float8_tbl;
drop table innertab;
drop table parent;
drop table tt1;
drop table tt2;
drop table tt5;
drop table tt6;
drop table x;
drop table xx;
drop table y;
drop table yy;
drop table zt1;
drop table zt2;
drop table zt3;
